  Determinando los proyectos que se van a restaurar...
  No hay nada que hacer. Ninguno de los proyectos especificados contiene paquetes para restaurar.
  BE -> C:\Users\abel_\source\repos\corralon-app\BDE\bin\Debug\BDE.dll
  DAL -> C:\Users\abel_\source\repos\corralon-app\DAL\bin\Debug\DAL.dll
  SVC -> C:\Users\abel_\source\repos\corralon-app\SVC\bin\Debug\SVC.dll
  BLL -> C:\Users\abel_\source\repos\corralon-app\BLL\bin\Debug\BLL.dll
C:\Users\abel_\source\repos\corralon-app\UI\FormEmployeesPhoto.cs(20,26): error CS0246: El nombre del tipo o del espacio de nombres 'IEmployeeService' no se encontró (¿falta una directiva using o una referencia de ensamblado?) [C:\Users\abel_\source\repos\corralon-app\UI\UI.csproj]
C:\Users\abel_\source\repos\corralon-app\UI\FormEmployeesPhoto.cs(21,26): error CS0246: El nombre del tipo o del espacio de nombres 'IUserService' no se encontró (¿falta una directiva using o una referencia de ensamblado?) [C:\Users\abel_\source\repos\corralon-app\UI\UI.csproj]
C:\Users\abel_\source\repos\corralon-app\UI\FormOrders.cs(19,26): error CS0246: El nombre del tipo o del espacio de nombres 'IDeliveryService' no se encontró (¿falta una directiva using o una referencia de ensamblado?) [C:\Users\abel_\source\repos\corralon-app\UI\UI.csproj]
C:\Users\abel_\source\repos\corralon-app\UI\FormOrders.cs(20,26): error CS0246: El nombre del tipo o del espacio de nombres 'IEmployeeService' no se encontró (¿falta una directiva using o una referencia de ensamblado?) [C:\Users\abel_\source\repos\corralon-app\UI\UI.csproj]
C:\Users\abel_\source\repos\corralon-app\UI\FormOrders.cs(21,26): error CS0246: El nombre del tipo o del espacio de nombres 'ISaleService' no se encontró (¿falta una directiva using o una referencia de ensamblado?) [C:\Users\abel_\source\repos\corralon-app\UI\UI.csproj]
C:\Users\abel_\source\repos\corralon-app\UI\FormEmployeesPhoto.cs(23,35): error CS0246: El nombre del tipo o del espacio de nombres 'IEmployeeService' no se encontró (¿falta una directiva using o una referencia de ensamblado?) [C:\Users\abel_\source\repos\corralon-app\UI\UI.csproj]
C:\Users\abel_\source\repos\corralon-app\UI\FormEmployeesPhoto.cs(23,69): error CS0246: El nombre del tipo o del espacio de nombres 'IUserService' no se encontró (¿falta una directiva using o una referencia de ensamblado?) [C:\Users\abel_\source\repos\corralon-app\UI\UI.csproj]
C:\Users\abel_\source\repos\corralon-app\UI\FormOrders.cs(22,27): error CS0246: El nombre del tipo o del espacio de nombres 'IDeliveryService' no se encontró (¿falta una directiva using o una referencia de ensamblado?) [C:\Users\abel_\source\repos\corralon-app\UI\UI.csproj]
C:\Users\abel_\source\repos\corralon-app\UI\FormOrders.cs(22,61): error CS0246: El nombre del tipo o del espacio de nombres 'IEmployeeService' no se encontró (¿falta una directiva using o una referencia de ensamblado?) [C:\Users\abel_\source\repos\corralon-app\UI\UI.csproj]
C:\Users\abel_\source\repos\corralon-app\UI\FormOrders.cs(22,95): error CS0246: El nombre del tipo o del espacio de nombres 'ISaleService' no se encontró (¿falta una directiva using o una referencia de ensamblado?) [C:\Users\abel_\source\repos\corralon-app\UI\UI.csproj]
C:\Users\abel_\source\repos\corralon-app\UI\FormProducts.cs(21,26): error CS0246: El nombre del tipo o del espacio de nombres 'IBrandService' no se encontró (¿falta una directiva using o una referencia de ensamblado?) [C:\Users\abel_\source\repos\corralon-app\UI\UI.csproj]
C:\Users\abel_\source\repos\corralon-app\UI\FormProducts.cs(24,61): error CS0246: El nombre del tipo o del espacio de nombres 'IBrandService' no se encontró (¿falta una directiva using o una referencia de ensamblado?) [C:\Users\abel_\source\repos\corralon-app\UI\UI.csproj]
C:\Users\abel_\source\repos\corralon-app\UI\FormRegisterClient.cs(20,26): error CS0246: El nombre del tipo o del espacio de nombres 'IClientService' no se encontró (¿falta una directiva using o una referencia de ensamblado?) [C:\Users\abel_\source\repos\corralon-app\UI\UI.csproj]
C:\Users\abel_\source\repos\corralon-app\UI\FormRegisterClient.cs(22,35): error CS0246: El nombre del tipo o del espacio de nombres 'IClientService' no se encontró (¿falta una directiva using o una referencia de ensamblado?) [C:\Users\abel_\source\repos\corralon-app\UI\UI.csproj]
C:\Users\abel_\source\repos\corralon-app\UI\FormVehicles.cs(16,26): error CS0246: El nombre del tipo o del espacio de nombres 'IVehicleService' no se encontró (¿falta una directiva using o una referencia de ensamblado?) [C:\Users\abel_\source\repos\corralon-app\UI\UI.csproj]
C:\Users\abel_\source\repos\corralon-app\UI\FormSuppliers.cs(21,26): error CS0246: El nombre del tipo o del espacio de nombres 'IBrandService' no se encontró (¿falta una directiva using o una referencia de ensamblado?) [C:\Users\abel_\source\repos\corralon-app\UI\UI.csproj]
C:\Users\abel_\source\repos\corralon-app\UI\FormVehicles.cs(19,29): error CS0246: El nombre del tipo o del espacio de nombres 'IVehicleService' no se encontró (¿falta una directiva using o una referencia de ensamblado?) [C:\Users\abel_\source\repos\corralon-app\UI\UI.csproj]
C:\Users\abel_\source\repos\corralon-app\UI\FormSuppliers.cs(23,64): error CS0246: El nombre del tipo o del espacio de nombres 'IBrandService' no se encontró (¿falta una directiva using o una referencia de ensamblado?) [C:\Users\abel_\source\repos\corralon-app\UI\UI.csproj]

ERROR al compilar.

C:\Users\abel_\source\repos\corralon-app\UI\FormEmployeesPhoto.cs(20,26): error CS0246: El nombre del tipo o del espacio de nombres 'IEmployeeService' no se encontró (¿falta una directiva using o una referencia de ensamblado?) [C:\Users\abel_\source\repos\corralon-app\UI\UI.csproj]
C:\Users\abel_\source\repos\corralon-app\UI\FormEmployeesPhoto.cs(21,26): error CS0246: El nombre del tipo o del espacio de nombres 'IUserService' no se encontró (¿falta una directiva using o una referencia de ensamblado?) [C:\Users\abel_\source\repos\corralon-app\UI\UI.csproj]
C:\Users\abel_\source\repos\corralon-app\UI\FormOrders.cs(19,26): error CS0246: El nombre del tipo o del espacio de nombres 'IDeliveryService' no se encontró (¿falta una directiva using o una referencia de ensamblado?) [C:\Users\abel_\source\repos\corralon-app\UI\UI.csproj]
C:\Users\abel_\source\repos\corralon-app\UI\FormOrders.cs(20,26): error CS0246: El nombre del tipo o del espacio de nombres 'IEmployeeService' no se encontró (¿falta una directiva using o una referencia de ensamblado?) [C:\Users\abel_\source\repos\corralon-app\UI\UI.csproj]
C:\Users\abel_\source\repos\corralon-app\UI\FormOrders.cs(21,26): error CS0246: El nombre del tipo o del espacio de nombres 'ISaleService' no se encontró (¿falta una directiva using o una referencia de ensamblado?) [C:\Users\abel_\source\repos\corralon-app\UI\UI.csproj]
C:\Users\abel_\source\repos\corralon-app\UI\FormEmployeesPhoto.cs(23,35): error CS0246: El nombre del tipo o del espacio de nombres 'IEmployeeService' no se encontró (¿falta una directiva using o una referencia de ensamblado?) [C:\Users\abel_\source\repos\corralon-app\UI\UI.csproj]
C:\Users\abel_\source\repos\corralon-app\UI\FormEmployeesPhoto.cs(23,69): error CS0246: El nombre del tipo o del espacio de nombres 'IUserService' no se encontró (¿falta una directiva using o una referencia de ensamblado?) [C:\Users\abel_\source\repos\corralon-app\UI\UI.csproj]
C:\Users\abel_\source\repos\corralon-app\UI\FormOrders.cs(22,27): error CS0246: El nombre del tipo o del espacio de nombres 'IDeliveryService' no se encontró (¿falta una directiva using o una referencia de ensamblado?) [C:\Users\abel_\source\repos\corralon-app\UI\UI.csproj]
C:\Users\abel_\source\repos\corralon-app\UI\FormOrders.cs(22,61): error CS0246: El nombre del tipo o del espacio de nombres 'IEmployeeService' no se encontró (¿falta una directiva using o una referencia de ensamblado?) [C:\Users\abel_\source\repos\corralon-app\UI\UI.csproj]
C:\Users\abel_\source\repos\corralon-app\UI\FormOrders.cs(22,95): error CS0246: El nombre del tipo o del espacio de nombres 'ISaleService' no se encontró (¿falta una directiva using o una referencia de ensamblado?) [C:\Users\abel_\source\repos\corralon-app\UI\UI.csproj]
C:\Users\abel_\source\repos\corralon-app\UI\FormProducts.cs(21,26): error CS0246: El nombre del tipo o del espacio de nombres 'IBrandService' no se encontró (¿falta una directiva using o una referencia de ensamblado?) [C:\Users\abel_\source\repos\corralon-app\UI\UI.csproj]
C:\Users\abel_\source\repos\corralon-app\UI\FormProducts.cs(24,61): error CS0246: El nombre del tipo o del espacio de nombres 'IBrandService' no se encontró (¿falta una directiva using o una referencia de ensamblado?) [C:\Users\abel_\source\repos\corralon-app\UI\UI.csproj]
C:\Users\abel_\source\repos\corralon-app\UI\FormRegisterClient.cs(20,26): error CS0246: El nombre del tipo o del espacio de nombres 'IClientService' no se encontró (¿falta una directiva using o una referencia de ensamblado?) [C:\Users\abel_\source\repos\corralon-app\UI\UI.csproj]
C:\Users\abel_\source\repos\corralon-app\UI\FormRegisterClient.cs(22,35): error CS0246: El nombre del tipo o del espacio de nombres 'IClientService' no se encontró (¿falta una directiva using o una referencia de ensamblado?) [C:\Users\abel_\source\repos\corralon-app\UI\UI.csproj]
C:\Users\abel_\source\repos\corralon-app\UI\FormVehicles.cs(16,26): error CS0246: El nombre del tipo o del espacio de nombres 'IVehicleService' no se encontró (¿falta una directiva using o una referencia de ensamblado?) [C:\Users\abel_\source\repos\corralon-app\UI\UI.csproj]
C:\Users\abel_\source\repos\corralon-app\UI\FormSuppliers.cs(21,26): error CS0246: El nombre del tipo o del espacio de nombres 'IBrandService' no se encontró (¿falta una directiva using o una referencia de ensamblado?) [C:\Users\abel_\source\repos\corralon-app\UI\UI.csproj]
C:\Users\abel_\source\repos\corralon-app\UI\FormVehicles.cs(19,29): error CS0246: El nombre del tipo o del espacio de nombres 'IVehicleService' no se encontró (¿falta una directiva using o una referencia de ensamblado?) [C:\Users\abel_\source\repos\corralon-app\UI\UI.csproj]
C:\Users\abel_\source\repos\corralon-app\UI\FormSuppliers.cs(23,64): error CS0246: El nombre del tipo o del espacio de nombres 'IBrandService' no se encontró (¿falta una directiva using o una referencia de ensamblado?) [C:\Users\abel_\source\repos\corralon-app\UI\UI.csproj]
    0 Advertencia(s)
    18 Errores

Tiempo transcurrido 00:00:01.44
