  Determinando los proyectos que se van a restaurar...
  No hay nada que hacer. Ninguno de los proyectos especificados contiene paquetes para restaurar.
  BE -> c:\Users\abel_\source\repos\corralon-app\BDE\bin\Debug\BDE.dll
c:\Users\abel_\source\repos\corralon-app\DAL\DAL_Product.cs(9,32): error CS0246: El nombre del tipo o del espacio de nombres 'IProductRepository' no se encontró (¿falta una directiva using o una referencia de ensamblado?) [c:\Users\abel_\source\repos\corralon-app\DAL\DAL.csproj]

ERROR al compilar.

c:\Users\abel_\source\repos\corralon-app\DAL\DAL_Product.cs(9,32): error CS0246: El nombre del tipo o del espacio de nombres 'IProductRepository' no se encontró (¿falta una directiva using o una referencia de ensamblado?) [c:\Users\abel_\source\repos\corralon-app\DAL\DAL.csproj]
    0 Advertencia(s)
    1 Errores

Tiempo transcurrido 00:00:01.03
